Archive member included because of file (symbol)

d:/imt_sdk_win_64/winavr/bin/../lib/gcc/avr/4.3.3/avr5\libgcc.a(_exit.o)
                              d:/imt_sdk_win_64/winavr/bin/../lib/gcc/avr/4.3.3/../../../../avr/lib/avr5/crtm32.o (exit)
d:/imt_sdk_win_64/winavr/bin/../lib/gcc/avr/4.3.3/avr5\libgcc.a(_copy_data.o)
                              ./MCAL/TIMERS/timers_program.o (__do_copy_data)
d:/imt_sdk_win_64/winavr/bin/../lib/gcc/avr/4.3.3/avr5\libgcc.a(_clear_bss.o)
                              ./MCAL/TIMERS/timers_program.o (__do_clear_bss)

Allocating common symbols
Common symbol       size              file

StateOfKeyPad       0x4               ./ECUAL/KEYPAD_non_blocking/keypad_program.o

Memory Configuration

Name             Origin             Length             Attributes
text             0x00000000         0x00020000         xr
data             0x00800060         0x0000ffa0         rw !x
eeprom           0x00810000         0x00010000         rw !x
fuse             0x00820000         0x00000400         rw !x
lock             0x00830000         0x00000400         rw !x
signature        0x00840000         0x00000400         rw !x
*default*        0x00000000         0xffffffff

Linker script and memory map

LOAD d:/imt_sdk_win_64/winavr/bin/../lib/gcc/avr/4.3.3/../../../../avr/lib/avr5/crtm32.o
LOAD ./MCAL/TIMERS/timers_program.o
LOAD ./MCAL/DIO/dio_program.o
LOAD ./ECUAL/LED/led_program.o
LOAD ./ECUAL/LCD/lcd_program.o
LOAD ./ECUAL/KEYPAD_non_blocking/keypad_program.o
LOAD ./main.o
LOAD d:/imt_sdk_win_64/winavr/bin/../lib/gcc/avr/4.3.3/avr5\libgcc.a
LOAD d:/imt_sdk_win_64/winavr/bin/../lib/gcc/avr/4.3.3/../../../../avr/lib/avr5\libc.a
LOAD d:/imt_sdk_win_64/winavr/bin/../lib/gcc/avr/4.3.3/avr5\libgcc.a

.hash
 *(.hash)

.dynsym
 *(.dynsym)

.dynstr
 *(.dynstr)

.gnu.version
 *(.gnu.version)

.gnu.version_d
 *(.gnu.version_d)

.gnu.version_r
 *(.gnu.version_r)

.rel.init
 *(.rel.init)

.rela.init
 *(.rela.init)

.rel.text
 *(.rel.text)
 *(.rel.text.*)
 *(.rel.gnu.linkonce.t*)

.rela.text
 *(.rela.text)
 *(.rela.text.*)
 *(.rela.gnu.linkonce.t*)

.rel.fini
 *(.rel.fini)

.rela.fini
 *(.rela.fini)

.rel.rodata
 *(.rel.rodata)
 *(.rel.rodata.*)
 *(.rel.gnu.linkonce.r*)

.rela.rodata
 *(.rela.rodata)
 *(.rela.rodata.*)
 *(.rela.gnu.linkonce.r*)

.rel.data
 *(.rel.data)
 *(.rel.data.*)
 *(.rel.gnu.linkonce.d*)

.rela.data
 *(.rela.data)
 *(.rela.data.*)
 *(.rela.gnu.linkonce.d*)

.rel.ctors
 *(.rel.ctors)

.rela.ctors
 *(.rela.ctors)

.rel.dtors
 *(.rel.dtors)

.rela.dtors
 *(.rela.dtors)

.rel.got
 *(.rel.got)

.rela.got
 *(.rela.got)

.rel.bss
 *(.rel.bss)

.rela.bss
 *(.rela.bss)

.rel.plt
 *(.rel.plt)

.rela.plt
 *(.rela.plt)

.text           0x00000000     0x2f74
 *(.vectors)
 .vectors       0x00000000       0x54 d:/imt_sdk_win_64/winavr/bin/../lib/gcc/avr/4.3.3/../../../../avr/lib/avr5/crtm32.o
                0x00000000                __vectors
                0x00000000                __vector_default
 *(.vectors)
 *(.progmem.gcc*)
 *(.progmem*)
                0x00000054                . = ALIGN (0x2)
                0x00000054                __trampolines_start = .
 *(.trampolines)
 .trampolines   0x00000054        0x0 linker stubs
 *(.trampolines*)
                0x00000054                __trampolines_end = .
 *(.jumptables)
 *(.jumptables*)
 *(.lowtext)
 *(.lowtext*)
                0x00000054                __ctors_start = .
 *(.ctors)
                0x00000054                __ctors_end = .
                0x00000054                __dtors_start = .
 *(.dtors)
                0x00000054                __dtors_end = .
 SORT(*)(.ctors)
 SORT(*)(.dtors)
 *(.init0)
 .init0         0x00000054        0x0 d:/imt_sdk_win_64/winavr/bin/../lib/gcc/avr/4.3.3/../../../../avr/lib/avr5/crtm32.o
                0x00000054                __init
 *(.init0)
 *(.init1)
 *(.init1)
 *(.init2)
 .init2         0x00000054        0xc d:/imt_sdk_win_64/winavr/bin/../lib/gcc/avr/4.3.3/../../../../avr/lib/avr5/crtm32.o
 *(.init2)
 *(.init3)
 *(.init3)
 *(.init4)
 .init4         0x00000060       0x16 d:/imt_sdk_win_64/winavr/bin/../lib/gcc/avr/4.3.3/avr5\libgcc.a(_copy_data.o)
                0x00000060                __do_copy_data
 .init4         0x00000076       0x10 d:/imt_sdk_win_64/winavr/bin/../lib/gcc/avr/4.3.3/avr5\libgcc.a(_clear_bss.o)
                0x00000076                __do_clear_bss
 *(.init4)
 *(.init5)
 *(.init5)
 *(.init6)
 *(.init6)
 *(.init7)
 *(.init7)
 *(.init8)
 *(.init8)
 *(.init9)
 .init9         0x00000086        0x8 d:/imt_sdk_win_64/winavr/bin/../lib/gcc/avr/4.3.3/../../../../avr/lib/avr5/crtm32.o
 *(.init9)
 *(.text)
 .text          0x0000008e        0x4 d:/imt_sdk_win_64/winavr/bin/../lib/gcc/avr/4.3.3/../../../../avr/lib/avr5/crtm32.o
                0x0000008e                __vector_1
                0x0000008e                __vector_12
                0x0000008e                __bad_interrupt
                0x0000008e                __vector_6
                0x0000008e                __vector_3
                0x0000008e                __vector_13
                0x0000008e                __vector_17
                0x0000008e                __vector_19
                0x0000008e                __vector_7
                0x0000008e                __vector_9
                0x0000008e                __vector_2
                0x0000008e                __vector_15
                0x0000008e                __vector_8
                0x0000008e                __vector_14
                0x0000008e                __vector_16
                0x0000008e                __vector_18
                0x0000008e                __vector_20
 .text          0x00000092        0x0 ./MCAL/TIMERS/timers_program.o
 .text          0x00000092        0x0 ./MCAL/DIO/dio_program.o
 .text          0x00000092        0x0 ./ECUAL/LED/led_program.o
 .text          0x00000092        0x0 ./ECUAL/LCD/lcd_program.o
 .text          0x00000092        0x0 ./ECUAL/KEYPAD_non_blocking/keypad_program.o
 .text          0x00000092        0x0 ./main.o
 .text          0x00000092        0x0 d:/imt_sdk_win_64/winavr/bin/../lib/gcc/avr/4.3.3/avr5\libgcc.a(_exit.o)
 .text          0x00000092        0x0 d:/imt_sdk_win_64/winavr/bin/../lib/gcc/avr/4.3.3/avr5\libgcc.a(_copy_data.o)
 .text          0x00000092        0x0 d:/imt_sdk_win_64/winavr/bin/../lib/gcc/avr/4.3.3/avr5\libgcc.a(_clear_bss.o)
                0x00000092                . = ALIGN (0x2)
 *(.text.*)
 .text.TIMER0_voidInit
                0x00000092       0x7e ./MCAL/TIMERS/timers_program.o
                0x00000092                TIMER0_voidInit
 .text.TIMER2_voidInit
                0x00000110       0x7e ./MCAL/TIMERS/timers_program.o
                0x00000110                TIMER2_voidInit
 .text.TIMER0_u8StartWithclockAndPrescalerSelect
                0x0000018e      0x1c0 ./MCAL/TIMERS/timers_program.o
                0x0000018e                TIMER0_u8StartWithclockAndPrescalerSelect
 .text.TIMER2_u8StartWithclockAndPrescalerSelect
                0x0000034e      0x1c0 ./MCAL/TIMERS/timers_program.o
                0x0000034e                TIMER2_u8StartWithclockAndPrescalerSelect
 .text.TIMER0_voidstop
                0x0000050e       0x38 ./MCAL/TIMERS/timers_program.o
                0x0000050e                TIMER0_voidstop
 .text.TIMER2_voidstop
                0x00000546       0x38 ./MCAL/TIMERS/timers_program.o
                0x00000546                TIMER2_voidstop
 .text.TIMERS_u8ClearIntFlag
                0x0000057e       0xa4 ./MCAL/TIMERS/timers_program.o
                0x0000057e                TIMERS_u8ClearIntFlag
 .text.TIMERS_u8GetIntFlag
                0x00000622       0xbc ./MCAL/TIMERS/timers_program.o
                0x00000622                TIMERS_u8GetIntFlag
 .text.TIMERS_u8IntModesEn
                0x000006de       0xdc ./MCAL/TIMERS/timers_program.o
                0x000006de                TIMERS_u8IntModesEn
 .text.TIMERS_u8IntModesDis
                0x000007ba       0xa4 ./MCAL/TIMERS/timers_program.o
                0x000007ba                TIMERS_u8IntModesDis
 .text.Timer0_u8setOverFlowRegTicksBeforeOV
                0x0000085e       0x2e ./MCAL/TIMERS/timers_program.o
                0x0000085e                Timer0_u8setOverFlowRegTicksBeforeOV
 .text.Timer2_u8setOverFlowRegTicksBeforeOV
                0x0000088c       0x2e ./MCAL/TIMERS/timers_program.o
                0x0000088c                Timer2_u8setOverFlowRegTicksBeforeOV
 .text.Timer0_u8setCompareRegTicksBeforeOV
                0x000008ba       0x24 ./MCAL/TIMERS/timers_program.o
                0x000008ba                Timer0_u8setCompareRegTicksBeforeOV
 .text.Timer2_u8setCompareRegTicksBeforeOV
                0x000008de       0x24 ./MCAL/TIMERS/timers_program.o
                0x000008de                Timer2_u8setCompareRegTicksBeforeOV
 .text.TIMER0_u8setCallBack
                0x00000902       0x76 ./MCAL/TIMERS/timers_program.o
                0x00000902                TIMER0_u8setCallBack
 .text.TIMER2_u8setCallBack
                0x00000978       0x76 ./MCAL/TIMERS/timers_program.o
                0x00000978                TIMER2_u8setCallBack
 .text.__vector_10
                0x000009ee       0x66 ./MCAL/TIMERS/timers_program.o
                0x000009ee                __vector_10
 .text.__vector_11
                0x00000a54       0x66 ./MCAL/TIMERS/timers_program.o
                0x00000a54                __vector_11
 .text.__vector_4
                0x00000aba       0x66 ./MCAL/TIMERS/timers_program.o
                0x00000aba                __vector_4
 .text.__vector_5
                0x00000b20       0x66 ./MCAL/TIMERS/timers_program.o
                0x00000b20                __vector_5
 .text.TIMER0_u8BusyWaitMS
                0x00000b86      0x3d6 ./MCAL/TIMERS/timers_program.o
                0x00000b86                TIMER0_u8BusyWaitMS
 .text.TIMER0_u8BusyWaitUS
                0x00000f5c       0xba ./MCAL/TIMERS/timers_program.o
                0x00000f5c                TIMER0_u8BusyWaitUS
 .text.TIMER0_u8InterruptWait
                0x00001016       0xb8 ./MCAL/TIMERS/timers_program.o
                0x00001016                TIMER0_u8InterruptWait
 .text.TIMER0_u8GetIntWaitStatus
                0x000010ce       0x12 ./MCAL/TIMERS/timers_program.o
                0x000010ce                TIMER0_u8GetIntWaitStatus
 .text.TIMER0_voidIntWaitControlFlagCount
                0x000010e0      0x26a ./MCAL/TIMERS/timers_program.o
 .text.TIMER2_u8BusyWaitMS
                0x0000134a      0x3d6 ./MCAL/TIMERS/timers_program.o
                0x0000134a                TIMER2_u8BusyWaitMS
 .text.TIMER2_u8BusyWaitUS
                0x00001720       0xba ./MCAL/TIMERS/timers_program.o
                0x00001720                TIMER2_u8BusyWaitUS
 .text.TIMER2_u8InterruptWait
                0x000017da       0xb8 ./MCAL/TIMERS/timers_program.o
                0x000017da                TIMER2_u8InterruptWait
 .text.TIMER2_u8GetIntWaitStatus
                0x00001892       0x12 ./MCAL/TIMERS/timers_program.o
                0x00001892                TIMER2_u8GetIntWaitStatus
 .text.TIMER2_voidIntWaitControlFlagCount
                0x000018a4      0x26a ./MCAL/TIMERS/timers_program.o
 .text.DIO_u8SetPinVal
                0x00001b0e      0x214 ./MCAL/DIO/dio_program.o
                0x00001b0e                DIO_u8SetPinVal
 .text.DIO_u8SetPinDir
                0x00001d22      0x214 ./MCAL/DIO/dio_program.o
                0x00001d22                DIO_u8SetPinDir
 .text.DIO_u8SetPortVal
                0x00001f36       0x94 ./MCAL/DIO/dio_program.o
                0x00001f36                DIO_u8SetPortVal
 .text.DIO_u8SetPortDir
                0x00001fca       0x94 ./MCAL/DIO/dio_program.o
                0x00001fca                DIO_u8SetPortDir
 .text.DIO_u8GetPinVal
                0x0000205e      0x128 ./MCAL/DIO/dio_program.o
                0x0000205e                DIO_u8GetPinVal
 .text.DIO_u8GetPortVal
                0x00002186       0xa8 ./MCAL/DIO/dio_program.o
                0x00002186                DIO_u8GetPortVal
 .text.DIO_u8TogPinVal
                0x0000222e      0x11a ./MCAL/DIO/dio_program.o
                0x0000222e                DIO_u8TogPinVal
 .text.DIO_voidDisablePullUps
                0x00002348       0x1c ./MCAL/DIO/dio_program.o
                0x00002348                DIO_voidDisablePullUps
 .text.DIO_voidEnablePullUps
                0x00002364       0x1c ./MCAL/DIO/dio_program.o
                0x00002364                DIO_voidEnablePullUps
 .text.LED_voidInit
                0x00002380       0x5e ./ECUAL/LED/led_program.o
                0x00002380                LED_voidInit
 .text.LED_u8On
                0x000023de       0x38 ./ECUAL/LED/led_program.o
                0x000023de                LED_u8On
 .text.LED_u8Off
                0x00002416       0x38 ./ECUAL/LED/led_program.o
                0x00002416                LED_u8Off
 .text.LED_u8Tog
                0x0000244e       0x36 ./ECUAL/LED/led_program.o
                0x0000244e                LED_u8Tog
 .text.LCD_u8Init
                0x00002484      0x3d8 ./ECUAL/LCD/lcd_program.o
                0x00002484                LCD_u8Init
 .text.LCD_u8sendCommand
                0x0000285c      0x206 ./ECUAL/LCD/lcd_program.o
                0x0000285c                LCD_u8sendCommand
 .text.LCD_u8sendData
                0x00002a62      0x20e ./ECUAL/LCD/lcd_program.o
                0x00002a62                LCD_u8sendData
 .text.KEYPAD_voidInit
                0x00002c70       0xa4 ./ECUAL/KEYPAD_non_blocking/keypad_program.o
                0x00002c70                KEYPAD_voidInit
 .text.KEYPAD_u8GetKeyNum
                0x00002d14      0x102 ./ECUAL/KEYPAD_non_blocking/keypad_program.o
                0x00002d14                KEYPAD_u8GetKeyNum
 .text.KEYPAD_voidcheckedIfNotPressed
                0x00002e16       0xdc ./ECUAL/KEYPAD_non_blocking/keypad_program.o
 .text.main     0x00002ef2       0x7e ./main.o
                0x00002ef2                main
 .text.libgcc   0x00002f70        0x0 d:/imt_sdk_win_64/winavr/bin/../lib/gcc/avr/4.3.3/avr5\libgcc.a(_exit.o)
 .text.libgcc   0x00002f70        0x0 d:/imt_sdk_win_64/winavr/bin/../lib/gcc/avr/4.3.3/avr5\libgcc.a(_copy_data.o)
 .text.libgcc   0x00002f70        0x0 d:/imt_sdk_win_64/winavr/bin/../lib/gcc/avr/4.3.3/avr5\libgcc.a(_clear_bss.o)
                0x00002f70                . = ALIGN (0x2)
 *(.fini9)
 .fini9         0x00002f70        0x0 d:/imt_sdk_win_64/winavr/bin/../lib/gcc/avr/4.3.3/avr5\libgcc.a(_exit.o)
                0x00002f70                exit
                0x00002f70                _exit
 *(.fini9)
 *(.fini8)
 *(.fini8)
 *(.fini7)
 *(.fini7)
 *(.fini6)
 *(.fini6)
 *(.fini5)
 *(.fini5)
 *(.fini4)
 *(.fini4)
 *(.fini3)
 *(.fini3)
 *(.fini2)
 *(.fini2)
 *(.fini1)
 *(.fini1)
 *(.fini0)
 .fini0         0x00002f70        0x4 d:/imt_sdk_win_64/winavr/bin/../lib/gcc/avr/4.3.3/avr5\libgcc.a(_exit.o)
 *(.fini0)
                0x00002f74                _etext = .

.data           0x00800060        0x6 load address 0x00002f74
                0x00800060                PROVIDE (__data_start, .)
 *(.data)
 .data          0x00800060        0x0 d:/imt_sdk_win_64/winavr/bin/../lib/gcc/avr/4.3.3/../../../../avr/lib/avr5/crtm32.o
 .data          0x00800060        0x0 ./MCAL/TIMERS/timers_program.o
 .data          0x00800060        0x0 ./MCAL/DIO/dio_program.o
 .data          0x00800060        0x0 ./ECUAL/LED/led_program.o
 .data          0x00800060        0x0 ./ECUAL/LCD/lcd_program.o
 .data          0x00800060        0x0 ./ECUAL/KEYPAD_non_blocking/keypad_program.o
 .data          0x00800060        0x0 ./main.o
 .data          0x00800060        0x0 d:/imt_sdk_win_64/winavr/bin/../lib/gcc/avr/4.3.3/avr5\libgcc.a(_exit.o)
 .data          0x00800060        0x0 d:/imt_sdk_win_64/winavr/bin/../lib/gcc/avr/4.3.3/avr5\libgcc.a(_copy_data.o)
 .data          0x00800060        0x0 d:/imt_sdk_win_64/winavr/bin/../lib/gcc/avr/4.3.3/avr5\libgcc.a(_clear_bss.o)
 *(.data*)
 .data.gu8_timer0FinishIntWaitFlag
                0x00800060        0x1 ./MCAL/TIMERS/timers_program.o
                0x00800060                gu8_timer0FinishIntWaitFlag
 .data.gu8_timer0FlagIfUsed
                0x00800061        0x1 ./MCAL/TIMERS/timers_program.o
 .data.gu8_timer2FinishIntWaitFlag
                0x00800062        0x1 ./MCAL/TIMERS/timers_program.o
                0x00800062                gu8_timer2FinishIntWaitFlag
 .data.gu8_timer2FlagIfUsed
                0x00800063        0x1 ./MCAL/TIMERS/timers_program.o
 .data.LCD_stateData
                0x00800064        0x1 ./ECUAL/LCD/lcd_program.o
                0x00800064                LCD_stateData
 .data.u8_commFinished.1331
                0x00800065        0x1 ./ECUAL/LCD/lcd_program.o
 *(.rodata)
 *(.rodata*)
 *(.gnu.linkonce.d*)
                0x00800066                . = ALIGN (0x2)
                0x00800066                _edata = .
                0x00800066                PROVIDE (__data_end, .)

.bss            0x00800066       0x1e
                0x00800066                PROVIDE (__bss_start, .)
 *(.bss)
 .bss           0x00800066        0x0 d:/imt_sdk_win_64/winavr/bin/../lib/gcc/avr/4.3.3/../../../../avr/lib/avr5/crtm32.o
 .bss           0x00800066        0x0 ./MCAL/TIMERS/timers_program.o
 .bss           0x00800066        0x0 ./MCAL/DIO/dio_program.o
 .bss           0x00800066        0x0 ./ECUAL/LED/led_program.o
 .bss           0x00800066        0x0 ./ECUAL/LCD/lcd_program.o
 .bss           0x00800066        0x0 ./ECUAL/KEYPAD_non_blocking/keypad_program.o
 .bss           0x00800066        0x0 ./main.o
 .bss           0x00800066        0x0 d:/imt_sdk_win_64/winavr/bin/../lib/gcc/avr/4.3.3/avr5\libgcc.a(_exit.o)
 .bss           0x00800066        0x0 d:/imt_sdk_win_64/winavr/bin/../lib/gcc/avr/4.3.3/avr5\libgcc.a(_copy_data.o)
 .bss           0x00800066        0x0 d:/imt_sdk_win_64/winavr/bin/../lib/gcc/avr/4.3.3/avr5\libgcc.a(_clear_bss.o)
 *(.bss*)
 .bss.Timer0CompareMatchSetCallBackISR
                0x00800066        0x2 ./MCAL/TIMERS/timers_program.o
 .bss.Timer0OverFlowSetCallBackISR
                0x00800068        0x2 ./MCAL/TIMERS/timers_program.o
 .bss.Timer2CompareMatchSetCallBackISR
                0x0080006a        0x2 ./MCAL/TIMERS/timers_program.o
 .bss.Timer2OverFlowSetCallBackISR
                0x0080006c        0x2 ./MCAL/TIMERS/timers_program.o
 .bss.gu64_timer0IntWaitcounter
                0x0080006e        0x8 ./MCAL/TIMERS/timers_program.o
 .bss.gu64_timer2IntWaitcounter
                0x00800076        0x8 ./MCAL/TIMERS/timers_program.o
 .bss.LCD_stateInit
                0x0080007e        0x1 ./ECUAL/LCD/lcd_program.o
                0x0080007e                LCD_stateInit
 .bss.LCD_stateCommand
                0x0080007f        0x1 ./ECUAL/LCD/lcd_program.o
                0x0080007f                LCD_stateCommand
 *(COMMON)
 COMMON         0x00800080        0x4 ./ECUAL/KEYPAD_non_blocking/keypad_program.o
                0x00800080                StateOfKeyPad
                0x00800084                PROVIDE (__bss_end, .)
                0x00002f74                __data_load_start = LOADADDR (.data)
                0x00002f7a                __data_load_end = (__data_load_start + SIZEOF (.data))

.noinit         0x00800084        0x0
                0x00800084                PROVIDE (__noinit_start, .)
 *(.noinit*)
                0x00800084                PROVIDE (__noinit_end, .)
                0x00800084                _end = .
                0x00800084                PROVIDE (__heap_start, .)

.eeprom         0x00810000        0x0
 *(.eeprom*)
                0x00810000                __eeprom_end = .

.fuse
 *(.fuse)
 *(.lfuse)
 *(.hfuse)
 *(.efuse)

.lock
 *(.lock*)

.signature
 *(.signature*)

.stab           0x00000000     0x3a08
 *(.stab)
 .stab          0x00000000     0x1674 ./MCAL/TIMERS/timers_program.o
 .stab          0x00001674      0x990 ./MCAL/DIO/dio_program.o
                                0x99c (size before relaxing)
 .stab          0x00002004      0x420 ./ECUAL/LED/led_program.o
                                0x42c (size before relaxing)
 .stab          0x00002424      0xc60 ./ECUAL/LCD/lcd_program.o
                                0xc6c (size before relaxing)
 .stab          0x00003084      0x648 ./ECUAL/KEYPAD_non_blocking/keypad_program.o
                                0x654 (size before relaxing)
 .stab          0x000036cc      0x33c ./main.o
                                0x348 (size before relaxing)

.stabstr        0x00000000     0x15ff
 *(.stabstr)
 .stabstr       0x00000000     0x15ff ./MCAL/TIMERS/timers_program.o

.stab.excl
 *(.stab.excl)

.stab.exclstr
 *(.stab.exclstr)

.stab.index
 *(.stab.index)

.stab.indexstr
 *(.stab.indexstr)

.comment
 *(.comment)

.debug
 *(.debug)

.line
 *(.line)

.debug_srcinfo
 *(.debug_srcinfo)

.debug_sfnames
 *(.debug_sfnames)

.debug_aranges
 *(.debug_aranges)

.debug_pubnames
 *(.debug_pubnames)

.debug_info
 *(.debug_info)
 *(.gnu.linkonce.wi.*)

.debug_abbrev
 *(.debug_abbrev)

.debug_line
 *(.debug_line)

.debug_frame
 *(.debug_frame)

.debug_str
 *(.debug_str)

.debug_loc
 *(.debug_loc)

.debug_macinfo
 *(.debug_macinfo)
OUTPUT(NonBlocking_LCD_With_KeyPad.elf elf32-avr)
LOAD linker stubs
